------------------------------------------------------------
Timing Analyzer Summary
------------------------------------------------------------

Type  : Slow 1200mV 85C Model Setup 'gmii_rx_clk'
Slack : -2.200
TNS   : -244.107

Type  : Slow 1200mV 85C Model Hold 'gmii_rx_clk'
Slack : 0.355
TNS   : 0.000

Type  : Slow 1200mV 85C Model Minimum Pulse Width 'gmii_rx_clk'
Slack : -3.000
TNS   : -175.000

Type  : Slow 1200mV 0C Model Setup 'gmii_rx_clk'
Slack : -1.873
TNS   : -201.381

Type  : Slow 1200mV 0C Model Hold 'gmii_rx_clk'
Slack : 0.309
TNS   : 0.000

Type  : Slow 1200mV 0C Model Minimum Pulse Width 'gmii_rx_clk'
Slack : -3.000
TNS   : -175.000

Type  : Fast 1200mV 0C Model Setup 'gmii_rx_clk'
Slack : -0.909
TNS   : -66.856

Type  : Fast 1200mV 0C Model Hold 'gmii_rx_clk'
Slack : 0.186
TNS   : 0.000

Type  : Fast 1200mV 0C Model Minimum Pulse Width 'gmii_rx_clk'
Slack : -3.000
TNS   : -186.588

------------------------------------------------------------
